Success! File created via Claude Code SDK with TypeScript and proper permission handling.